function Point.print 1
push argument 0
pop pointer 0
push constant 0
return
