pop static 0
pop local 0
pop this 0
pop argument 0
