push constant 23
push argument 0
add
push constant 17
pop temp 0
pop pointer 1
push temp 0
pop that 0
