class
Apalachicola
{
constructor
new
(
)
{
do
Output
.
printString
(
"We are on our way."
)
;
do
Output
.
printString
(
"==>> to Apalachicola F.L.A"
)
;
do
Output
.
println
(
)
;
return
;
}
}
