push constant 2
call String.new 1
push constant 72
call String.appendChar 2
push constant 73
call String.appendChar 2
call Output.printString 1
pop temp 0
