<classVarDec>
	<keyword> field </keyword>
	<keyword> int </keyword>
	<identifier> high </identifier>
	<symbol> , </symbol>
	<identifier> on </identifier>
	<symbol> , </symbol>
	<identifier> the </identifier>
	<symbol> , </symbol>
	<identifier> list </identifier>
	<symbol> ; </symbol>
</classVarDec>
