push constant 293
push argument 0
push constant 0
not
sub
add
